// Jest Snapshot v1, https://goo.gl/fbAQLP

exports[`Input correct render should match snapshot 1`] = `
<DocumentFragment>
  <div
    class="input"
  >
    <div
      class="badges"
    >
      <label
        for="name"
      >
        Name
      </label>
      <label
        for="name"
      >
        Name is required!
      </label>
    </div>
    <input
      class="error"
      id="name"
    />
  </div>
</DocumentFragment>
`;
